[www.joshschulman.net/about-me.html]
[www.joshschulman.net/resume.html]
[www.joshschulman.net/index.html]
[www.joshschulman.net/projects/engineering-projects/past-projects.html]
[www.joshschulman.net/projects/engineering-projects/past-projects/music-equalizer.html]
[www.joshschulman.net/projects/engineering-projects/past-projects/audio-mixer.html]
[www.joshschulman.net/projects/student-government-legislation/dietary-accommodations.html]
[www.joshschulman.net/projects/student-government-legislation/husky-book-bundle.html]
[www.joshschulman.net/projects/student-government-legislation/undergraduate-student-trustee-compensation.html]
[backblue.gif]
[fade.gif]
[index.html]
[apis.google.com/js/clientc932.js]
[www.joshschulman.net/index.html]
[www.joshschulman.net/about-me.html]
[www.joshschulman.net/onedrive.html]
[www.google.com/images/icons/product/drive-32.png]
[www.joshschulman.net/resume.html]
[www.joshschulman.net/projects/engineering-projects/past-projects.html]
[www.joshschulman.net/projects/engineering-projects/past-projects/music-equalizer.html]
[www.joshschulman.net/projects/engineering-projects/past-projects/audio-mixer.html]
[www.joshschulman.net/projects/student-government-legislation/dietary-accommodations.html]
[www.joshschulman.net/projects/student-government-legislation/husky-book-bundle.html]
[www.joshschulman.net/projects/student-government-legislation/undergraduate-student-trustee-compensation.html]
[ssl.gstatic.com/atari/images/simple-header-blended.png]
[www.joshschulman.net/onedrive.html]
